2026-03-17 11:20:02,464|__main__|INFO|Pipeline started
2026-03-17 11:20:02,465|__main__|INFO|Discovered olist_customers_dataset.csv--->stg_olist_customers_dataset
2026-03-17 11:20:02,466|db|INFO|Database Engine Created
2026-03-17 11:20:02,467|ingestion|INFO|ingesting ..\00_data\raw\olist_customers_dataset.csv--> stg_olist_customers_dataset
2026-03-17 11:20:02,601|ingestion|INFO|..\00_data\raw\olist_customers_dataset.csv| chunk1
2026-03-17 11:20:08,773|ingestion|INFO|olist_customers_dataset.csv ingestion complete
2026-03-17 11:20:08,885|ingestion|INFO|..\00_data\raw\olist_customers_dataset.csv| chunk2
2026-03-17 11:20:13,246|ingestion|INFO|olist_customers_dataset.csv ingestion complete
2026-03-17 11:20:13,249|__main__|INFO|Discovered olist_geolocation_dataset.csv--->stg_olist_geolocation_dataset
2026-03-17 11:20:13,251|db|INFO|Database Engine Created
2026-03-17 11:20:13,251|ingestion|INFO|ingesting ..\00_data\raw\olist_geolocation_dataset.csv--> stg_olist_geolocation_dataset
2026-03-17 11:20:13,308|ingestion|INFO|..\00_data\raw\olist_geolocation_dataset.csv| chunk1
2026-03-17 11:20:17,982|ingestion|INFO|olist_geolocation_dataset.csv ingestion complete
2026-03-17 11:20:18,024|ingestion|INFO|..\00_data\raw\olist_geolocation_dataset.csv| chunk2
2026-03-17 11:20:22,514|ingestion|INFO|olist_geolocation_dataset.csv ingestion complete
2026-03-17 11:20:22,558|ingestion|INFO|..\00_data\raw\olist_geolocation_dataset.csv| chunk3
2026-03-17 11:20:27,079|ingestion|INFO|olist_geolocation_dataset.csv ingestion complete
2026-03-17 11:20:27,125|ingestion|INFO|..\00_data\raw\olist_geolocation_dataset.csv| chunk4
2026-03-17 11:20:31,650|ingestion|INFO|olist_geolocation_dataset.csv ingestion complete
2026-03-17 11:20:31,704|ingestion|INFO|..\00_data\raw\olist_geolocation_dataset.csv| chunk5
2026-03-17 11:20:36,298|ingestion|INFO|olist_geolocation_dataset.csv ingestion complete
2026-03-17 11:20:36,349|ingestion|INFO|..\00_data\raw\olist_geolocation_dataset.csv| chunk6
2026-03-17 11:20:40,930|ingestion|INFO|olist_geolocation_dataset.csv ingestion complete
2026-03-17 11:20:40,978|ingestion|INFO|..\00_data\raw\olist_geolocation_dataset.csv| chunk7
2026-03-17 11:20:45,379|ingestion|INFO|olist_geolocation_dataset.csv ingestion complete
2026-03-17 11:20:45,431|ingestion|INFO|..\00_data\raw\olist_geolocation_dataset.csv| chunk8
2026-03-17 11:20:50,252|ingestion|INFO|olist_geolocation_dataset.csv ingestion complete
2026-03-17 11:20:50,299|ingestion|INFO|..\00_data\raw\olist_geolocation_dataset.csv| chunk9
2026-03-17 11:20:54,726|ingestion|INFO|olist_geolocation_dataset.csv ingestion complete
2026-03-17 11:20:54,772|ingestion|INFO|..\00_data\raw\olist_geolocation_dataset.csv| chunk10
2026-03-17 11:20:59,267|ingestion|INFO|olist_geolocation_dataset.csv ingestion complete
2026-03-17 11:20:59,322|ingestion|INFO|..\00_data\raw\olist_geolocation_dataset.csv| chunk11
2026-03-17 11:21:03,795|ingestion|INFO|olist_geolocation_dataset.csv ingestion complete
2026-03-17 11:21:03,849|ingestion|INFO|..\00_data\raw\olist_geolocation_dataset.csv| chunk12
2026-03-17 11:21:08,467|ingestion|INFO|olist_geolocation_dataset.csv ingestion complete
2026-03-17 11:21:08,514|ingestion|INFO|..\00_data\raw\olist_geolocation_dataset.csv| chunk13
2026-03-17 11:21:13,115|ingestion|INFO|olist_geolocation_dataset.csv ingestion complete
2026-03-17 11:21:13,176|ingestion|INFO|..\00_data\raw\olist_geolocation_dataset.csv| chunk14
2026-03-17 11:21:17,948|ingestion|INFO|olist_geolocation_dataset.csv ingestion complete
2026-03-17 11:21:18,001|ingestion|INFO|..\00_data\raw\olist_geolocation_dataset.csv| chunk15
2026-03-17 11:21:22,574|ingestion|INFO|olist_geolocation_dataset.csv ingestion complete
2026-03-17 11:21:22,623|ingestion|INFO|..\00_data\raw\olist_geolocation_dataset.csv| chunk16
2026-03-17 11:21:27,339|ingestion|INFO|olist_geolocation_dataset.csv ingestion complete
2026-03-17 11:21:27,386|ingestion|INFO|..\00_data\raw\olist_geolocation_dataset.csv| chunk17
2026-03-17 11:21:32,164|ingestion|INFO|olist_geolocation_dataset.csv ingestion complete
2026-03-17 11:21:32,212|ingestion|INFO|..\00_data\raw\olist_geolocation_dataset.csv| chunk18
2026-03-17 11:21:37,448|ingestion|INFO|olist_geolocation_dataset.csv ingestion complete
2026-03-17 11:21:37,503|ingestion|INFO|..\00_data\raw\olist_geolocation_dataset.csv| chunk19
2026-03-17 11:21:43,351|ingestion|INFO|olist_geolocation_dataset.csv ingestion complete
2026-03-17 11:21:43,401|ingestion|INFO|..\00_data\raw\olist_geolocation_dataset.csv| chunk20
2026-03-17 11:21:48,550|ingestion|INFO|olist_geolocation_dataset.csv ingestion complete
2026-03-17 11:21:48,557|ingestion|INFO|..\00_data\raw\olist_geolocation_dataset.csv| chunk21
2026-03-17 11:21:48,592|ingestion|INFO|olist_geolocation_dataset.csv ingestion complete
2026-03-17 11:21:48,593|__main__|INFO|Discovered olist_orders_dataset.csv--->stg_olist_orders_dataset
2026-03-17 11:21:48,594|db|INFO|Database Engine Created
2026-03-17 11:21:48,594|ingestion|INFO|ingesting ..\00_data\raw\olist_orders_dataset.csv--> stg_olist_orders_dataset
2026-03-17 11:21:48,798|ingestion|INFO|..\00_data\raw\olist_orders_dataset.csv| chunk1
2026-03-17 11:21:56,850|ingestion|INFO|olist_orders_dataset.csv ingestion complete
2026-03-17 11:21:57,041|ingestion|INFO|..\00_data\raw\olist_orders_dataset.csv| chunk2
2026-03-17 11:22:04,946|ingestion|INFO|olist_orders_dataset.csv ingestion complete
2026-03-17 11:22:04,956|__main__|INFO|Discovered olist_order_items_dataset.csv--->stg_olist_order_items_dataset
2026-03-17 11:22:04,957|db|INFO|Database Engine Created
2026-03-17 11:22:04,958|ingestion|INFO|ingesting ..\00_data\raw\olist_order_items_dataset.csv--> stg_olist_order_items_dataset
2026-03-17 11:22:05,089|ingestion|INFO|..\00_data\raw\olist_order_items_dataset.csv| chunk1
2026-03-17 11:22:12,335|ingestion|INFO|olist_order_items_dataset.csv ingestion complete
2026-03-17 11:22:12,436|ingestion|INFO|..\00_data\raw\olist_order_items_dataset.csv| chunk2
2026-03-17 11:22:18,806|ingestion|INFO|olist_order_items_dataset.csv ingestion complete
2026-03-17 11:22:18,840|ingestion|INFO|..\00_data\raw\olist_order_items_dataset.csv| chunk3
2026-03-17 11:22:20,483|ingestion|INFO|olist_order_items_dataset.csv ingestion complete
2026-03-17 11:22:20,485|__main__|INFO|Discovered olist_order_payments_dataset.csv--->stg_olist_order_payments_dataset
2026-03-17 11:22:20,486|db|INFO|Database Engine Created
2026-03-17 11:22:20,487|ingestion|INFO|ingesting ..\00_data\raw\olist_order_payments_dataset.csv--> stg_olist_order_payments_dataset
2026-03-17 11:22:20,540|ingestion|INFO|..\00_data\raw\olist_order_payments_dataset.csv| chunk1
2026-03-17 11:22:25,150|ingestion|INFO|olist_order_payments_dataset.csv ingestion complete
2026-03-17 11:22:25,208|ingestion|INFO|..\00_data\raw\olist_order_payments_dataset.csv| chunk2
2026-03-17 11:22:29,699|ingestion|INFO|olist_order_payments_dataset.csv ingestion complete
2026-03-17 11:22:29,711|ingestion|INFO|..\00_data\raw\olist_order_payments_dataset.csv| chunk3
2026-03-17 11:22:30,054|ingestion|INFO|olist_order_payments_dataset.csv ingestion complete
2026-03-17 11:22:30,055|__main__|INFO|Discovered olist_order_reviews_dataset.csv--->stg_olist_order_reviews_dataset
2026-03-17 11:22:30,056|db|INFO|Database Engine Created
2026-03-17 11:22:30,056|ingestion|INFO|ingesting ..\00_data\raw\olist_order_reviews_dataset.csv--> stg_olist_order_reviews_dataset
2026-03-17 11:22:30,236|ingestion|INFO|..\00_data\raw\olist_order_reviews_dataset.csv| chunk1
2026-03-17 11:22:36,627|ingestion|INFO|olist_order_reviews_dataset.csv ingestion complete
2026-03-17 11:22:36,801|ingestion|INFO|..\00_data\raw\olist_order_reviews_dataset.csv| chunk2
2026-03-17 11:22:42,874|ingestion|INFO|olist_order_reviews_dataset.csv ingestion complete
2026-03-17 11:22:42,880|__main__|INFO|Discovered olist_products_dataset.csv--->stg_olist_products_dataset
2026-03-17 11:22:42,881|db|INFO|Database Engine Created
2026-03-17 11:22:42,881|ingestion|INFO|ingesting ..\00_data\raw\olist_products_dataset.csv--> stg_olist_products_dataset
2026-03-17 11:22:42,943|ingestion|INFO|..\00_data\raw\olist_products_dataset.csv| chunk1
2026-03-17 11:22:48,542|ingestion|INFO|olist_products_dataset.csv ingestion complete
2026-03-17 11:22:48,544|__main__|INFO|Discovered olist_sellers_dataset.csv--->stg_olist_sellers_dataset
2026-03-17 11:22:48,545|db|INFO|Database Engine Created
2026-03-17 11:22:48,546|ingestion|INFO|ingesting ..\00_data\raw\olist_sellers_dataset.csv--> stg_olist_sellers_dataset
2026-03-17 11:22:48,551|ingestion|INFO|..\00_data\raw\olist_sellers_dataset.csv| chunk1
2026-03-17 11:22:48,814|ingestion|INFO|olist_sellers_dataset.csv ingestion complete
2026-03-17 11:22:48,815|__main__|INFO|Discovered product_category_name_translation.csv--->stg_product_category_name_translation
2026-03-17 11:22:48,815|db|INFO|Database Engine Created
2026-03-17 11:22:48,816|ingestion|INFO|ingesting ..\00_data\raw\product_category_name_translation.csv--> stg_product_category_name_translation
2026-03-17 11:22:48,817|ingestion|INFO|..\00_data\raw\product_category_name_translation.csv| chunk1
2026-03-17 11:22:48,884|ingestion|INFO|product_category_name_translation.csv ingestion complete
2026-03-17 11:22:48,944|__main__|ERROR|Pipeline failed
Traceback (most recent call last):
  File "C:\Users\nabap\AppData\Local\Programs\Python\Python314\Lib\site-packages\sqlalchemy\engine\base.py", line 1415, in execute
    meth = statement._execute_on_connection
           ^^^^^^^^^^^^^^^^^^^^^^^^^^^^^^^^
AttributeError: 'str' object has no attribute '_execute_on_connection'

The above exception was the direct cause of the following exception:

Traceback (most recent call last):
  File "C:\Users\nabap\Desktop\olive_e-commerce\02_src\main.py", line 64, in main
    run_pipeline(engine, "refresh_warehouse")
    ~~~~~~~~~~~~^^^^^^^^^^^^^^^^^^^^^^^^^^^^^
  File "C:\Users\nabap\Desktop\olive_e-commerce\02_src\run_pipeline.py", line 10, in run_pipeline
    connection.execute(f"CALL {procedure_name}();")
    ~~~~~~~~~~~~~~~~~~^^^^^^^^^^^^^^^^^^^^^^^^^^^^^
  File "C:\Users\nabap\AppData\Local\Programs\Python\Python314\Lib\site-packages\sqlalchemy\engine\base.py", line 1417, in execute
    raise exc.ObjectNotExecutableError(statement) from err
sqlalchemy.exc.ObjectNotExecutableError: Not an executable object: 'CALL refresh_warehouse();'
2026-03-17 11:32:34,836|__main__|INFO|Discovered olist_customers_dataset.csv--->stg_olist_customers_dataset
2026-03-17 11:32:34,838|db|INFO|Database Engine Created
2026-03-17 11:32:34,838|ingestion|INFO|ingesting ..\00_data\raw\olist_customers_dataset.csv--> stg_olist_customers_dataset
2026-03-17 11:32:34,962|ingestion|INFO|..\00_data\raw\olist_customers_dataset.csv| chunk1
2026-03-17 11:32:40,841|ingestion|INFO|olist_customers_dataset.csv ingestion complete
2026-03-17 11:32:40,937|ingestion|INFO|..\00_data\raw\olist_customers_dataset.csv| chunk2
2026-03-17 11:32:45,292|ingestion|INFO|olist_customers_dataset.csv ingestion complete
2026-03-17 11:32:45,295|__main__|INFO|Discovered olist_geolocation_dataset.csv--->stg_olist_geolocation_dataset
2026-03-17 11:32:45,296|db|INFO|Database Engine Created
2026-03-17 11:32:45,296|ingestion|INFO|ingesting ..\00_data\raw\olist_geolocation_dataset.csv--> stg_olist_geolocation_dataset
2026-03-17 11:32:45,351|ingestion|INFO|..\00_data\raw\olist_geolocation_dataset.csv| chunk1
2026-03-17 11:32:49,783|ingestion|INFO|olist_geolocation_dataset.csv ingestion complete
2026-03-17 11:32:49,830|ingestion|INFO|..\00_data\raw\olist_geolocation_dataset.csv| chunk2
2026-03-17 11:32:54,102|ingestion|INFO|olist_geolocation_dataset.csv ingestion complete
2026-03-17 11:32:54,154|ingestion|INFO|..\00_data\raw\olist_geolocation_dataset.csv| chunk3
2026-03-17 11:32:58,325|ingestion|INFO|olist_geolocation_dataset.csv ingestion complete
2026-03-17 11:32:58,372|ingestion|INFO|..\00_data\raw\olist_geolocation_dataset.csv| chunk4
2026-03-17 11:33:02,686|ingestion|INFO|olist_geolocation_dataset.csv ingestion complete
2026-03-17 11:33:02,737|ingestion|INFO|..\00_data\raw\olist_geolocation_dataset.csv| chunk5
2026-03-17 11:33:07,014|ingestion|INFO|olist_geolocation_dataset.csv ingestion complete
2026-03-17 11:33:07,070|ingestion|INFO|..\00_data\raw\olist_geolocation_dataset.csv| chunk6
2026-03-17 11:33:11,455|ingestion|INFO|olist_geolocation_dataset.csv ingestion complete
2026-03-17 11:33:11,506|ingestion|INFO|..\00_data\raw\olist_geolocation_dataset.csv| chunk7
2026-03-17 11:33:15,901|ingestion|INFO|olist_geolocation_dataset.csv ingestion complete
2026-03-17 11:33:15,949|ingestion|INFO|..\00_data\raw\olist_geolocation_dataset.csv| chunk8
2026-03-17 11:33:20,409|ingestion|INFO|olist_geolocation_dataset.csv ingestion complete
2026-03-17 11:33:20,451|ingestion|INFO|..\00_data\raw\olist_geolocation_dataset.csv| chunk9
2026-03-17 11:33:24,664|ingestion|INFO|olist_geolocation_dataset.csv ingestion complete
2026-03-17 11:33:24,720|ingestion|INFO|..\00_data\raw\olist_geolocation_dataset.csv| chunk10
2026-03-17 11:33:29,495|ingestion|INFO|olist_geolocation_dataset.csv ingestion complete
2026-03-17 11:33:29,546|ingestion|INFO|..\00_data\raw\olist_geolocation_dataset.csv| chunk11
2026-03-17 11:33:33,777|ingestion|INFO|olist_geolocation_dataset.csv ingestion complete
2026-03-17 11:33:33,830|ingestion|INFO|..\00_data\raw\olist_geolocation_dataset.csv| chunk12
2026-03-17 11:33:38,154|ingestion|INFO|olist_geolocation_dataset.csv ingestion complete
2026-03-17 11:33:38,204|ingestion|INFO|..\00_data\raw\olist_geolocation_dataset.csv| chunk13
2026-03-17 11:33:42,534|ingestion|INFO|olist_geolocation_dataset.csv ingestion complete
2026-03-17 11:33:42,579|ingestion|INFO|..\00_data\raw\olist_geolocation_dataset.csv| chunk14
2026-03-17 11:33:46,884|ingestion|INFO|olist_geolocation_dataset.csv ingestion complete
2026-03-17 11:33:46,926|ingestion|INFO|..\00_data\raw\olist_geolocation_dataset.csv| chunk15
2026-03-17 11:33:51,257|ingestion|INFO|olist_geolocation_dataset.csv ingestion complete
2026-03-17 11:33:51,306|ingestion|INFO|..\00_data\raw\olist_geolocation_dataset.csv| chunk16
2026-03-17 11:33:55,542|ingestion|INFO|olist_geolocation_dataset.csv ingestion complete
2026-03-17 11:33:55,586|ingestion|INFO|..\00_data\raw\olist_geolocation_dataset.csv| chunk17
2026-03-17 11:33:59,918|ingestion|INFO|olist_geolocation_dataset.csv ingestion complete
2026-03-17 11:33:59,962|ingestion|INFO|..\00_data\raw\olist_geolocation_dataset.csv| chunk18
2026-03-17 11:34:04,222|ingestion|INFO|olist_geolocation_dataset.csv ingestion complete
2026-03-17 11:34:04,264|ingestion|INFO|..\00_data\raw\olist_geolocation_dataset.csv| chunk19
2026-03-17 11:34:08,480|ingestion|INFO|olist_geolocation_dataset.csv ingestion complete
2026-03-17 11:34:08,531|ingestion|INFO|..\00_data\raw\olist_geolocation_dataset.csv| chunk20
2026-03-17 11:34:12,853|ingestion|INFO|olist_geolocation_dataset.csv ingestion complete
2026-03-17 11:34:12,858|ingestion|INFO|..\00_data\raw\olist_geolocation_dataset.csv| chunk21
2026-03-17 11:34:12,886|ingestion|INFO|olist_geolocation_dataset.csv ingestion complete
2026-03-17 11:34:12,887|__main__|INFO|Discovered olist_orders_dataset.csv--->stg_olist_orders_dataset
2026-03-17 11:34:12,888|db|INFO|Database Engine Created
2026-03-17 11:34:12,889|ingestion|INFO|ingesting ..\00_data\raw\olist_orders_dataset.csv--> stg_olist_orders_dataset
2026-03-17 11:34:13,043|ingestion|INFO|..\00_data\raw\olist_orders_dataset.csv| chunk1
2026-03-17 11:34:19,936|ingestion|INFO|olist_orders_dataset.csv ingestion complete
2026-03-17 11:34:20,110|ingestion|INFO|..\00_data\raw\olist_orders_dataset.csv| chunk2
2026-03-17 11:34:26,816|ingestion|INFO|olist_orders_dataset.csv ingestion complete
2026-03-17 11:34:26,822|__main__|INFO|Discovered olist_order_items_dataset.csv--->stg_olist_order_items_dataset
2026-03-17 11:34:26,824|db|INFO|Database Engine Created
2026-03-17 11:34:26,824|ingestion|INFO|ingesting ..\00_data\raw\olist_order_items_dataset.csv--> stg_olist_order_items_dataset
2026-03-17 11:34:26,918|ingestion|INFO|..\00_data\raw\olist_order_items_dataset.csv| chunk1
2026-03-17 11:34:33,178|ingestion|INFO|olist_order_items_dataset.csv ingestion complete
2026-03-17 11:34:33,295|ingestion|INFO|..\00_data\raw\olist_order_items_dataset.csv| chunk2
2026-03-17 11:34:39,362|ingestion|INFO|olist_order_items_dataset.csv ingestion complete
2026-03-17 11:34:39,409|ingestion|INFO|..\00_data\raw\olist_order_items_dataset.csv| chunk3
2026-03-17 11:34:40,792|ingestion|INFO|olist_order_items_dataset.csv ingestion complete
2026-03-17 11:34:40,794|__main__|INFO|Discovered olist_order_payments_dataset.csv--->stg_olist_order_payments_dataset
2026-03-17 11:34:40,796|db|INFO|Database Engine Created
2026-03-17 11:34:40,796|ingestion|INFO|ingesting ..\00_data\raw\olist_order_payments_dataset.csv--> stg_olist_order_payments_dataset
2026-03-17 11:34:40,849|ingestion|INFO|..\00_data\raw\olist_order_payments_dataset.csv| chunk1
2026-03-17 11:34:45,182|ingestion|INFO|olist_order_payments_dataset.csv ingestion complete
2026-03-17 11:34:45,232|ingestion|INFO|..\00_data\raw\olist_order_payments_dataset.csv| chunk2
2026-03-17 11:34:49,685|ingestion|INFO|olist_order_payments_dataset.csv ingestion complete
2026-03-17 11:34:49,696|ingestion|INFO|..\00_data\raw\olist_order_payments_dataset.csv| chunk3
2026-03-17 11:34:50,020|ingestion|INFO|olist_order_payments_dataset.csv ingestion complete
2026-03-17 11:34:50,021|__main__|INFO|Discovered olist_order_reviews_dataset.csv--->stg_olist_order_reviews_dataset
2026-03-17 11:34:50,022|db|INFO|Database Engine Created
2026-03-17 11:34:50,022|ingestion|INFO|ingesting ..\00_data\raw\olist_order_reviews_dataset.csv--> stg_olist_order_reviews_dataset
2026-03-17 11:34:50,200|ingestion|INFO|..\00_data\raw\olist_order_reviews_dataset.csv| chunk1
2026-03-17 11:34:56,177|ingestion|INFO|olist_order_reviews_dataset.csv ingestion complete
2026-03-17 11:34:56,349|ingestion|INFO|..\00_data\raw\olist_order_reviews_dataset.csv| chunk2
2026-03-17 11:35:02,115|ingestion|INFO|olist_order_reviews_dataset.csv ingestion complete
2026-03-17 11:35:02,121|__main__|INFO|Discovered olist_products_dataset.csv--->stg_olist_products_dataset
2026-03-17 11:35:02,123|db|INFO|Database Engine Created
2026-03-17 11:35:02,123|ingestion|INFO|ingesting ..\00_data\raw\olist_products_dataset.csv--> stg_olist_products_dataset
2026-03-17 11:35:02,184|ingestion|INFO|..\00_data\raw\olist_products_dataset.csv| chunk1
2026-03-17 11:35:07,400|ingestion|INFO|olist_products_dataset.csv ingestion complete
2026-03-17 11:35:07,402|__main__|INFO|Discovered olist_sellers_dataset.csv--->stg_olist_sellers_dataset
2026-03-17 11:35:07,403|db|INFO|Database Engine Created
2026-03-17 11:35:07,403|ingestion|INFO|ingesting ..\00_data\raw\olist_sellers_dataset.csv--> stg_olist_sellers_dataset
2026-03-17 11:35:07,409|ingestion|INFO|..\00_data\raw\olist_sellers_dataset.csv| chunk1
2026-03-17 11:35:07,758|ingestion|INFO|olist_sellers_dataset.csv ingestion complete
2026-03-17 11:35:07,759|__main__|INFO|Discovered product_category_name_translation.csv--->stg_product_category_name_translation
2026-03-17 11:35:07,759|db|INFO|Database Engine Created
2026-03-17 11:35:07,759|ingestion|INFO|ingesting ..\00_data\raw\product_category_name_translation.csv--> stg_product_category_name_translation
2026-03-17 11:35:07,761|ingestion|INFO|..\00_data\raw\product_category_name_translation.csv| chunk1
2026-03-17 11:35:07,824|ingestion|INFO|product_category_name_translation.csv ingestion complete
2026-03-17 11:35:07,824|__main__|INFO|Pipeline completed successfully
2026-03-17 11:41:56,134|__main__|INFO|Discovered olist_customers_dataset.csv--->stg_olist_customers_dataset
2026-03-17 11:41:56,136|db|INFO|Database Engine Created
2026-03-17 11:41:56,136|ingestion|INFO|ingesting ..\00_data\raw\olist_customers_dataset.csv--> stg_olist_customers_dataset
2026-03-17 11:41:56,230|ingestion|INFO|..\00_data\raw\olist_customers_dataset.csv| chunk1
2026-03-17 11:42:01,948|ingestion|INFO|olist_customers_dataset.csv ingestion complete
2026-03-17 11:42:02,048|ingestion|INFO|..\00_data\raw\olist_customers_dataset.csv| chunk2
2026-03-17 11:42:06,576|ingestion|INFO|olist_customers_dataset.csv ingestion complete
2026-03-17 11:42:06,579|__main__|INFO|Discovered olist_geolocation_dataset.csv--->stg_olist_geolocation_dataset
2026-03-17 11:42:06,580|db|INFO|Database Engine Created
2026-03-17 11:42:06,581|ingestion|INFO|ingesting ..\00_data\raw\olist_geolocation_dataset.csv--> stg_olist_geolocation_dataset
2026-03-17 11:42:06,638|ingestion|INFO|..\00_data\raw\olist_geolocation_dataset.csv| chunk1
2026-03-17 11:42:10,928|ingestion|INFO|olist_geolocation_dataset.csv ingestion complete
2026-03-17 11:42:10,971|ingestion|INFO|..\00_data\raw\olist_geolocation_dataset.csv| chunk2
2026-03-17 11:42:15,273|ingestion|INFO|olist_geolocation_dataset.csv ingestion complete
2026-03-17 11:42:15,323|ingestion|INFO|..\00_data\raw\olist_geolocation_dataset.csv| chunk3
2026-03-17 11:42:19,736|ingestion|INFO|olist_geolocation_dataset.csv ingestion complete
2026-03-17 11:42:19,786|ingestion|INFO|..\00_data\raw\olist_geolocation_dataset.csv| chunk4
2026-03-17 11:42:24,067|ingestion|INFO|olist_geolocation_dataset.csv ingestion complete
2026-03-17 11:42:24,114|ingestion|INFO|..\00_data\raw\olist_geolocation_dataset.csv| chunk5
2026-03-17 11:42:28,475|ingestion|INFO|olist_geolocation_dataset.csv ingestion complete
2026-03-17 11:42:28,518|ingestion|INFO|..\00_data\raw\olist_geolocation_dataset.csv| chunk6
2026-03-17 11:42:32,875|ingestion|INFO|olist_geolocation_dataset.csv ingestion complete
2026-03-17 11:42:32,924|ingestion|INFO|..\00_data\raw\olist_geolocation_dataset.csv| chunk7
2026-03-17 11:42:37,168|ingestion|INFO|olist_geolocation_dataset.csv ingestion complete
2026-03-17 11:42:37,212|ingestion|INFO|..\00_data\raw\olist_geolocation_dataset.csv| chunk8
2026-03-17 11:42:41,605|ingestion|INFO|olist_geolocation_dataset.csv ingestion complete
2026-03-17 11:42:41,649|ingestion|INFO|..\00_data\raw\olist_geolocation_dataset.csv| chunk9
2026-03-17 11:42:45,862|ingestion|INFO|olist_geolocation_dataset.csv ingestion complete
2026-03-17 11:42:45,903|ingestion|INFO|..\00_data\raw\olist_geolocation_dataset.csv| chunk10
2026-03-17 11:42:50,258|ingestion|INFO|olist_geolocation_dataset.csv ingestion complete
2026-03-17 11:42:50,302|ingestion|INFO|..\00_data\raw\olist_geolocation_dataset.csv| chunk11
2026-03-17 11:42:54,624|ingestion|INFO|olist_geolocation_dataset.csv ingestion complete
2026-03-17 11:42:54,674|ingestion|INFO|..\00_data\raw\olist_geolocation_dataset.csv| chunk12
2026-03-17 11:42:59,503|ingestion|INFO|olist_geolocation_dataset.csv ingestion complete
2026-03-17 11:42:59,549|ingestion|INFO|..\00_data\raw\olist_geolocation_dataset.csv| chunk13
2026-03-17 11:43:04,203|ingestion|INFO|olist_geolocation_dataset.csv ingestion complete
2026-03-17 11:43:04,263|ingestion|INFO|..\00_data\raw\olist_geolocation_dataset.csv| chunk14
2026-03-17 11:43:08,985|ingestion|INFO|olist_geolocation_dataset.csv ingestion complete
2026-03-17 11:43:09,029|ingestion|INFO|..\00_data\raw\olist_geolocation_dataset.csv| chunk15
2026-03-17 11:43:13,921|ingestion|INFO|olist_geolocation_dataset.csv ingestion complete
2026-03-17 11:43:13,967|ingestion|INFO|..\00_data\raw\olist_geolocation_dataset.csv| chunk16
2026-03-17 11:43:18,899|ingestion|INFO|olist_geolocation_dataset.csv ingestion complete
2026-03-17 11:43:18,948|ingestion|INFO|..\00_data\raw\olist_geolocation_dataset.csv| chunk17
2026-03-17 11:43:23,485|ingestion|INFO|olist_geolocation_dataset.csv ingestion complete
2026-03-17 11:43:23,531|ingestion|INFO|..\00_data\raw\olist_geolocation_dataset.csv| chunk18
2026-03-17 11:43:28,376|ingestion|INFO|olist_geolocation_dataset.csv ingestion complete
2026-03-17 11:43:28,424|ingestion|INFO|..\00_data\raw\olist_geolocation_dataset.csv| chunk19
2026-03-17 11:43:33,110|ingestion|INFO|olist_geolocation_dataset.csv ingestion complete
2026-03-17 11:43:33,169|ingestion|INFO|..\00_data\raw\olist_geolocation_dataset.csv| chunk20
2026-03-17 11:43:38,161|ingestion|INFO|olist_geolocation_dataset.csv ingestion complete
2026-03-17 11:43:38,167|ingestion|INFO|..\00_data\raw\olist_geolocation_dataset.csv| chunk21
2026-03-17 11:43:38,191|ingestion|INFO|olist_geolocation_dataset.csv ingestion complete
2026-03-17 11:43:38,192|__main__|INFO|Discovered olist_orders_dataset.csv--->stg_olist_orders_dataset
2026-03-17 11:43:38,193|db|INFO|Database Engine Created
2026-03-17 11:43:38,193|ingestion|INFO|ingesting ..\00_data\raw\olist_orders_dataset.csv--> stg_olist_orders_dataset
2026-03-17 11:43:38,361|ingestion|INFO|..\00_data\raw\olist_orders_dataset.csv| chunk1
2026-03-17 11:43:45,762|ingestion|INFO|olist_orders_dataset.csv ingestion complete
2026-03-17 11:43:45,938|ingestion|INFO|..\00_data\raw\olist_orders_dataset.csv| chunk2
2026-03-17 11:43:53,161|ingestion|INFO|olist_orders_dataset.csv ingestion complete
2026-03-17 11:43:53,175|__main__|INFO|Discovered olist_order_items_dataset.csv--->stg_olist_order_items_dataset
2026-03-17 11:43:53,177|db|INFO|Database Engine Created
2026-03-17 11:43:53,180|ingestion|INFO|ingesting ..\00_data\raw\olist_order_items_dataset.csv--> stg_olist_order_items_dataset
2026-03-17 11:43:53,337|ingestion|INFO|..\00_data\raw\olist_order_items_dataset.csv| chunk1
2026-03-17 11:44:00,168|ingestion|INFO|olist_order_items_dataset.csv ingestion complete
2026-03-17 11:44:00,267|ingestion|INFO|..\00_data\raw\olist_order_items_dataset.csv| chunk2
2026-03-17 11:44:06,964|ingestion|INFO|olist_order_items_dataset.csv ingestion complete
2026-03-17 11:44:07,001|ingestion|INFO|..\00_data\raw\olist_order_items_dataset.csv| chunk3
2026-03-17 11:44:08,607|ingestion|INFO|olist_order_items_dataset.csv ingestion complete
2026-03-17 11:44:08,609|__main__|INFO|Discovered olist_order_payments_dataset.csv--->stg_olist_order_payments_dataset
2026-03-17 11:44:08,610|db|INFO|Database Engine Created
2026-03-17 11:44:08,610|ingestion|INFO|ingesting ..\00_data\raw\olist_order_payments_dataset.csv--> stg_olist_order_payments_dataset
2026-03-17 11:44:08,668|ingestion|INFO|..\00_data\raw\olist_order_payments_dataset.csv| chunk1
2026-03-17 11:44:13,634|ingestion|INFO|olist_order_payments_dataset.csv ingestion complete
2026-03-17 11:44:13,683|ingestion|INFO|..\00_data\raw\olist_order_payments_dataset.csv| chunk2
2026-03-17 11:44:18,497|ingestion|INFO|olist_order_payments_dataset.csv ingestion complete
2026-03-17 11:44:18,507|ingestion|INFO|..\00_data\raw\olist_order_payments_dataset.csv| chunk3
2026-03-17 11:44:18,863|ingestion|INFO|olist_order_payments_dataset.csv ingestion complete
2026-03-17 11:44:18,864|__main__|INFO|Discovered olist_order_reviews_dataset.csv--->stg_olist_order_reviews_dataset
2026-03-17 11:44:18,865|db|INFO|Database Engine Created
2026-03-17 11:44:18,865|ingestion|INFO|ingesting ..\00_data\raw\olist_order_reviews_dataset.csv--> stg_olist_order_reviews_dataset
2026-03-17 11:44:19,076|ingestion|INFO|..\00_data\raw\olist_order_reviews_dataset.csv| chunk1
2026-03-17 11:44:26,307|ingestion|INFO|olist_order_reviews_dataset.csv ingestion complete
2026-03-17 11:44:26,471|ingestion|INFO|..\00_data\raw\olist_order_reviews_dataset.csv| chunk2
2026-03-17 11:44:32,960|ingestion|INFO|olist_order_reviews_dataset.csv ingestion complete
2026-03-17 11:44:32,967|__main__|INFO|Discovered olist_products_dataset.csv--->stg_olist_products_dataset
2026-03-17 11:44:32,968|db|INFO|Database Engine Created
2026-03-17 11:44:32,968|ingestion|INFO|ingesting ..\00_data\raw\olist_products_dataset.csv--> stg_olist_products_dataset
2026-03-17 11:44:33,025|ingestion|INFO|..\00_data\raw\olist_products_dataset.csv| chunk1
2026-03-17 11:44:38,944|ingestion|INFO|olist_products_dataset.csv ingestion complete
2026-03-17 11:44:38,946|__main__|INFO|Discovered olist_sellers_dataset.csv--->stg_olist_sellers_dataset
2026-03-17 11:44:38,947|db|INFO|Database Engine Created
2026-03-17 11:44:38,947|ingestion|INFO|ingesting ..\00_data\raw\olist_sellers_dataset.csv--> stg_olist_sellers_dataset
2026-03-17 11:44:38,954|ingestion|INFO|..\00_data\raw\olist_sellers_dataset.csv| chunk1
2026-03-17 11:44:39,245|ingestion|INFO|olist_sellers_dataset.csv ingestion complete
2026-03-17 11:44:39,246|__main__|INFO|Discovered product_category_name_translation.csv--->stg_product_category_name_translation
2026-03-17 11:44:39,246|db|INFO|Database Engine Created
2026-03-17 11:44:39,247|ingestion|INFO|ingesting ..\00_data\raw\product_category_name_translation.csv--> stg_product_category_name_translation
2026-03-17 11:44:39,248|ingestion|INFO|..\00_data\raw\product_category_name_translation.csv| chunk1
2026-03-17 11:44:39,311|ingestion|INFO|product_category_name_translation.csv ingestion complete
2026-03-17 11:44:39,312|__main__|INFO|Pipeline completed successfully
